    ~/Documents/Travail/cbnsl_benchmark    main !6 ?2  source venv/bin/activate                                                                         ✔  cbnsl_benchmark  
for nb in notebooks/synthetic/*/5vars/*.ipynb notebooks/synthetic/*/20vars/*.ipynb notebooks/sachs/*/*/*.ipynb; do
  echo "=== Running: $nb ==="
  jupyter nbconvert --execute --inplace --ExecutePreprocessor.timeout=3600 "$nb"
done
=== Running: notebooks/synthetic/cbn_gaussian/5vars/synthetic_cbn_gauss_5_200s.ipynb ===
[NbConvertApp] Converting notebook notebooks/synthetic/cbn_gaussian/5vars/synthetic_cbn_gauss_5_200s.ipynb to notebook
[NbConvertApp] Writing 4665091 bytes to notebooks/synthetic/cbn_gaussian/5vars/synthetic_cbn_gauss_5_200s.ipynb
=== Running: notebooks/synthetic/cbn_gaussian/5vars/synthetic_cbn_gauss_5_2000s.ipynb ===
[NbConvertApp] Converting notebook notebooks/synthetic/cbn_gaussian/5vars/synthetic_cbn_gauss_5_2000s.ipynb to notebook
[NbConvertApp] Writing 4678742 bytes to notebooks/synthetic/cbn_gaussian/5vars/synthetic_cbn_gauss_5_2000s.ipynb
=== Running: notebooks/synthetic/cbn_nongaussian/5vars/synthetic_cbn_nongauss_5_200s.ipynb ===
[NbConvertApp] Converting notebook notebooks/synthetic/cbn_nongaussian/5vars/synthetic_cbn_nongauss_5_200s.ipynb to notebook
[NbConvertApp] Writing 4610525 bytes to notebooks/synthetic/cbn_nongaussian/5vars/synthetic_cbn_nongauss_5_200s.ipynb
=== Running: notebooks/synthetic/cbn_nongaussian/5vars/synthetic_cbn_nongauss_5_2000s.ipynb ===
[NbConvertApp] Converting notebook notebooks/synthetic/cbn_nongaussian/5vars/synthetic_cbn_nongauss_5_2000s.ipynb to notebook
[NbConvertApp] Writing 4671278 bytes to notebooks/synthetic/cbn_nongaussian/5vars/synthetic_cbn_nongauss_5_2000s.ipynb
=== Running: notebooks/synthetic/sem_gaussian/5vars/synthetic_sem_gauss_5_200s.ipynb ===
[NbConvertApp] Converting notebook notebooks/synthetic/sem_gaussian/5vars/synthetic_sem_gauss_5_200s.ipynb to notebook
[NbConvertApp] Writing 4660735 bytes to notebooks/synthetic/sem_gaussian/5vars/synthetic_sem_gauss_5_200s.ipynb
=== Running: notebooks/synthetic/sem_gaussian/5vars/synthetic_sem_gauss_5_2000s.ipynb ===
[NbConvertApp] Converting notebook notebooks/synthetic/sem_gaussian/5vars/synthetic_sem_gauss_5_2000s.ipynb to notebook
[NbConvertApp] Writing 4651014 bytes to notebooks/synthetic/sem_gaussian/5vars/synthetic_sem_gauss_5_2000s.ipynb
=== Running: notebooks/synthetic/sem_nongaussian/5vars/synthetic_sem_nongauss_5_200s.ipynb ===
[NbConvertApp] Converting notebook notebooks/synthetic/sem_nongaussian/5vars/synthetic_sem_nongauss_5_200s.ipynb to notebook
[NbConvertApp] Writing 4610089 bytes to notebooks/synthetic/sem_nongaussian/5vars/synthetic_sem_nongauss_5_200s.ipynb
=== Running: notebooks/synthetic/sem_nongaussian/5vars/synthetic_sem_nongauss_5_2000s.ipynb ===
[NbConvertApp] Converting notebook notebooks/synthetic/sem_nongaussian/5vars/synthetic_sem_nongauss_5_2000s.ipynb to notebook
[NbConvertApp] Writing 4663453 bytes to notebooks/synthetic/sem_nongaussian/5vars/synthetic_sem_nongauss_5_2000s.ipynb
=== Running: notebooks/synthetic/cbn_gaussian/20vars/synthetic_cbn_gauss_20v_1000s.ipynb ===
[NbConvertApp] Converting notebook notebooks/synthetic/cbn_gaussian/20vars/synthetic_cbn_gauss_20v_1000s.ipynb to notebook
[NbConvertApp] Writing 5293198 bytes to notebooks/synthetic/cbn_gaussian/20vars/synthetic_cbn_gauss_20v_1000s.ipynb
=== Running: notebooks/synthetic/cbn_gaussian/20vars/synthetic_cbn_gauss_20v_5000s.ipynb ===
[NbConvertApp] Converting notebook notebooks/synthetic/cbn_gaussian/20vars/synthetic_cbn_gauss_20v_5000s.ipynb to notebook
/home/mathis/Documents/Travail/cbnsl_benchmark/venv/lib/python3.14/site-packages/nbformat/__init__.py:96: MissingIDFieldWarning: Cell is missing an id field, this will become a hard error in future nbformat versions. You may want to use `normalize()` on your notebooks before validations (available since nbformat 5.1.4). Previous versions of nbformat are fixing this issue transparently, and will stop doing so in the future.
  validate(nb)
[NbConvertApp] ERROR | Timeout waiting for execute reply (3600s).
Traceback (most recent call last):
  File "/home/mathis/Documents/Travail/cbnsl_benchmark/venv/lib/python3.14/site-packages/nbclient/client.py", line 782, in _async_poll_for_reply
    msg = await ensure_async(self.kc.shell_channel.get_msg(timeout=new_timeout))
          ^^^^^^^^^^^^^^^^^^^^^^^^^^^^^^^^^^^^^^^^^^^^^^^^^^^^^^^^^^^^^^^^^^^^^^
  File "/usr/lib/python3.14/site-packages/jupyter_core/utils/__init__.py", line 214, in ensure_async
    result = await obj
             ^^^^^^^^^
  File "/usr/lib/python3.14/site-packages/jupyter_client/channels.py", line 316, in get_msg
    raise Empty
_queue.Empty

During handling of the above exception, another exception occurred:

Traceback (most recent call last):
  File "/home/mathis/Documents/Travail/cbnsl_benchmark/venv/bin/jupyter-nbconvert", line 7, in <module>
    sys.exit(main())
             ~~~~^^
  File "/usr/lib/python3.14/site-packages/jupyter_core/application.py", line 284, in launch_instance
    super().launch_instance(argv=argv, **kwargs)
    ~~~~~~~~~~~~~~~~~~~~~~~^^^^^^^^^^^^^^^^^^^^^
  File "/usr/lib/python3.14/site-packages/traitlets/config/application.py", line 1076, in launch_instance
    app.start()
    ~~~~~~~~~^^
  File "/home/mathis/Documents/Travail/cbnsl_benchmark/venv/lib/python3.14/site-packages/nbconvert/nbconvertapp.py", line 420, in start
    self.convert_notebooks()
    ~~~~~~~~~~~~~~~~~~~~~~^^
  File "/home/mathis/Documents/Travail/cbnsl_benchmark/venv/lib/python3.14/site-packages/nbconvert/nbconvertapp.py", line 597, in convert_notebooks
    self.convert_single_notebook(notebook_filename)
    ~~~~~~~~~~~~~~~~~~~~~~~~~~~~^^^^^^^^^^^^^^^^^^^
  File "/home/mathis/Documents/Travail/cbnsl_benchmark/venv/lib/python3.14/site-packages/nbconvert/nbconvertapp.py", line 563, in convert_single_notebook
    output, resources = self.export_single_notebook(
                        ~~~~~~~~~~~~~~~~~~~~~~~~~~~^
        notebook_filename, resources, input_buffer=input_buffer
        ^^^^^^^^^^^^^^^^^^^^^^^^^^^^^^^^^^^^^^^^^^^^^^^^^^^^^^^
    )
    ^
  File "/home/mathis/Documents/Travail/cbnsl_benchmark/venv/lib/python3.14/site-packages/nbconvert/nbconvertapp.py", line 487, in export_single_notebook
    output, resources = self.exporter.from_filename(
                        ~~~~~~~~~~~~~~~~~~~~~~~~~~~^
        notebook_filename, resources=resources
        ^^^^^^^^^^^^^^^^^^^^^^^^^^^^^^^^^^^^^^
    )
    ^
  File "/home/mathis/Documents/Travail/cbnsl_benchmark/venv/lib/python3.14/site-packages/nbconvert/exporters/exporter.py", line 201, in from_filename
    return self.from_file(f, resources=resources, **kw)
           ~~~~~~~~~~~~~~^^^^^^^^^^^^^^^^^^^^^^^^^^^^^^
  File "/home/mathis/Documents/Travail/cbnsl_benchmark/venv/lib/python3.14/site-packages/nbconvert/exporters/exporter.py", line 220, in from_file
    return self.from_notebook_node(
           ~~~~~~~~~~~~~~~~~~~~~~~^
        nbformat.read(file_stream, as_version=4), resources=resources, **kw
        ^^^^^^^^^^^^^^^^^^^^^^^^^^^^^^^^^^^^^^^^^^^^^^^^^^^^^^^^^^^^^^^^^^^
    )
    ^
  File "/home/mathis/Documents/Travail/cbnsl_benchmark/venv/lib/python3.14/site-packages/nbconvert/exporters/notebook.py", line 36, in from_notebook_node
    nb_copy, resources = super().from_notebook_node(nb, resources, **kw)
                         ~~~~~~~~~~~~~~~~~~~~~~~~~~^^^^^^^^^^^^^^^^^^^^^
  File "/home/mathis/Documents/Travail/cbnsl_benchmark/venv/lib/python3.14/site-packages/nbconvert/exporters/exporter.py", line 154, in from_notebook_node
    nb_copy, resources = self._preprocess(nb_copy, resources)
                         ~~~~~~~~~~~~~~~~^^^^^^^^^^^^^^^^^^^^
  File "/home/mathis/Documents/Travail/cbnsl_benchmark/venv/lib/python3.14/site-packages/nbconvert/exporters/exporter.py", line 353, in _preprocess
    nbc, resc = preprocessor(nbc, resc)
                ~~~~~~~~~~~~^^^^^^^^^^^
  File "/home/mathis/Documents/Travail/cbnsl_benchmark/venv/lib/python3.14/site-packages/nbconvert/preprocessors/base.py", line 48, in __call__
    return self.preprocess(nb, resources)
           ~~~~~~~~~~~~~~~^^^^^^^^^^^^^^^
  File "/home/mathis/Documents/Travail/cbnsl_benchmark/venv/lib/python3.14/site-packages/nbconvert/preprocessors/execute.py", line 103, in preprocess
    self.preprocess_cell(cell, resources, index)
    ~~~~~~~~~~~~~~~~~~~~^^^^^^^^^^^^^^^^^^^^^^^^
  File "/home/mathis/Documents/Travail/cbnsl_benchmark/venv/lib/python3.14/site-packages/nbconvert/preprocessors/execute.py", line 124, in preprocess_cell
    cell = self.execute_cell(cell, index, store_history=True)
  File "/usr/lib/python3.14/site-packages/jupyter_core/utils/__init__.py", line 165, in wrapped
    return loop.run_until_complete(inner)
           ~~~~~~~~~~~~~~~~~~~~~~~^^^^^^^
  File "/usr/lib/python3.14/asyncio/base_events.py", line 719, in run_until_complete
    return future.result()
           ~~~~~~~~~~~~~^^
  File "/home/mathis/Documents/Travail/cbnsl_benchmark/venv/lib/python3.14/site-packages/nbclient/client.py", line 1005, in async_execute_cell
    exec_reply = await self.task_poll_for_reply
                 ^^^^^^^^^^^^^^^^^^^^^^^^^^^^^^
  File "/home/mathis/Documents/Travail/cbnsl_benchmark/venv/lib/python3.14/site-packages/nbclient/client.py", line 806, in _async_poll_for_reply
    error_on_timeout_execute_reply = await self._async_handle_timeout(timeout, cell)
                                     ^^^^^^^^^^^^^^^^^^^^^^^^^^^^^^^^^^^^^^^^^^^^^^^
  File "/home/mathis/Documents/Travail/cbnsl_benchmark/venv/lib/python3.14/site-packages/nbclient/client.py", line 856, in _async_handle_timeout
    raise CellTimeoutError.error_from_timeout_and_cell(
        "Cell execution timed out", timeout, cell
    )
nbclient.exceptions.CellTimeoutError: A cell timed out while it was being executed, after 3600 seconds.
The message was: Cell execution timed out.
Here is a preview of the cell contents:
-------------------
bench.run()
-------------------

=== Running: notebooks/synthetic/cbn_nongaussian/20vars/synthetic_cbn_mixture_20v_1000s.ipynb ===
[NbConvertApp] Converting notebook notebooks/synthetic/cbn_nongaussian/20vars/synthetic_cbn_mixture_20v_1000s.ipynb to notebook
[NbConvertApp] Writing 5711846 bytes to notebooks/synthetic/cbn_nongaussian/20vars/synthetic_cbn_mixture_20v_1000s.ipynb
=== Running: notebooks/synthetic/cbn_nongaussian/20vars/synthetic_cbn_nongauss_20v_1000s.ipynb ===
[NbConvertApp] Converting notebook notebooks/synthetic/cbn_nongaussian/20vars/synthetic_cbn_nongauss_20v_1000s.ipynb to notebook
[NbConvertApp] Writing 5257002 bytes to notebooks/synthetic/cbn_nongaussian/20vars/synthetic_cbn_nongauss_20v_1000s.ipynb
=== Running: notebooks/synthetic/cbn_nongaussian/20vars/synthetic_cbn_nongauss_20v_5000s.ipynb ===
[NbConvertApp] Converting notebook notebooks/synthetic/cbn_nongaussian/20vars/synthetic_cbn_nongauss_20v_5000s.ipynb to notebook
/home/mathis/Documents/Travail/cbnsl_benchmark/venv/lib/python3.14/site-packages/nbformat/__init__.py:96: MissingIDFieldWarning: Cell is missing an id field, this will become a hard error in future nbformat versions. You may want to use `normalize()` on your notebooks before validations (available since nbformat 5.1.4). Previous versions of nbformat are fixing this issue transparently, and will stop doing so in the future.
  validate(nb)
[NbConvertApp] ERROR | Timeout waiting for execute reply (3600s).
Traceback (most recent call last):
  File "/home/mathis/Documents/Travail/cbnsl_benchmark/venv/lib/python3.14/site-packages/nbclient/client.py", line 782, in _async_poll_for_reply
    msg = await ensure_async(self.kc.shell_channel.get_msg(timeout=new_timeout))
          ^^^^^^^^^^^^^^^^^^^^^^^^^^^^^^^^^^^^^^^^^^^^^^^^^^^^^^^^^^^^^^^^^^^^^^
  File "/usr/lib/python3.14/site-packages/jupyter_core/utils/__init__.py", line 214, in ensure_async
    result = await obj
             ^^^^^^^^^
  File "/usr/lib/python3.14/site-packages/jupyter_client/channels.py", line 316, in get_msg
    raise Empty
_queue.Empty

During handling of the above exception, another exception occurred:

Traceback (most recent call last):
  File "/home/mathis/Documents/Travail/cbnsl_benchmark/venv/bin/jupyter-nbconvert", line 7, in <module>
    sys.exit(main())
             ~~~~^^
  File "/usr/lib/python3.14/site-packages/jupyter_core/application.py", line 284, in launch_instance
    super().launch_instance(argv=argv, **kwargs)
    ~~~~~~~~~~~~~~~~~~~~~~~^^^^^^^^^^^^^^^^^^^^^
  File "/usr/lib/python3.14/site-packages/traitlets/config/application.py", line 1076, in launch_instance
    app.start()
    ~~~~~~~~~^^
  File "/home/mathis/Documents/Travail/cbnsl_benchmark/venv/lib/python3.14/site-packages/nbconvert/nbconvertapp.py", line 420, in start
    self.convert_notebooks()
    ~~~~~~~~~~~~~~~~~~~~~~^^
  File "/home/mathis/Documents/Travail/cbnsl_benchmark/venv/lib/python3.14/site-packages/nbconvert/nbconvertapp.py", line 597, in convert_notebooks
    self.convert_single_notebook(notebook_filename)
    ~~~~~~~~~~~~~~~~~~~~~~~~~~~~^^^^^^^^^^^^^^^^^^^
  File "/home/mathis/Documents/Travail/cbnsl_benchmark/venv/lib/python3.14/site-packages/nbconvert/nbconvertapp.py", line 563, in convert_single_notebook
    output, resources = self.export_single_notebook(
                        ~~~~~~~~~~~~~~~~~~~~~~~~~~~^
        notebook_filename, resources, input_buffer=input_buffer
        ^^^^^^^^^^^^^^^^^^^^^^^^^^^^^^^^^^^^^^^^^^^^^^^^^^^^^^^
    )
    ^
  File "/home/mathis/Documents/Travail/cbnsl_benchmark/venv/lib/python3.14/site-packages/nbconvert/nbconvertapp.py", line 487, in export_single_notebook
    output, resources = self.exporter.from_filename(
                        ~~~~~~~~~~~~~~~~~~~~~~~~~~~^
        notebook_filename, resources=resources
        ^^^^^^^^^^^^^^^^^^^^^^^^^^^^^^^^^^^^^^
    )
    ^
  File "/home/mathis/Documents/Travail/cbnsl_benchmark/venv/lib/python3.14/site-packages/nbconvert/exporters/exporter.py", line 201, in from_filename
    return self.from_file(f, resources=resources, **kw)
           ~~~~~~~~~~~~~~^^^^^^^^^^^^^^^^^^^^^^^^^^^^^^
  File "/home/mathis/Documents/Travail/cbnsl_benchmark/venv/lib/python3.14/site-packages/nbconvert/exporters/exporter.py", line 220, in from_file
    return self.from_notebook_node(
           ~~~~~~~~~~~~~~~~~~~~~~~^
        nbformat.read(file_stream, as_version=4), resources=resources, **kw
        ^^^^^^^^^^^^^^^^^^^^^^^^^^^^^^^^^^^^^^^^^^^^^^^^^^^^^^^^^^^^^^^^^^^
    )
    ^
  File "/home/mathis/Documents/Travail/cbnsl_benchmark/venv/lib/python3.14/site-packages/nbconvert/exporters/notebook.py", line 36, in from_notebook_node
    nb_copy, resources = super().from_notebook_node(nb, resources, **kw)
                         ~~~~~~~~~~~~~~~~~~~~~~~~~~^^^^^^^^^^^^^^^^^^^^^
  File "/home/mathis/Documents/Travail/cbnsl_benchmark/venv/lib/python3.14/site-packages/nbconvert/exporters/exporter.py", line 154, in from_notebook_node
    nb_copy, resources = self._preprocess(nb_copy, resources)
                         ~~~~~~~~~~~~~~~~^^^^^^^^^^^^^^^^^^^^
  File "/home/mathis/Documents/Travail/cbnsl_benchmark/venv/lib/python3.14/site-packages/nbconvert/exporters/exporter.py", line 353, in _preprocess
    nbc, resc = preprocessor(nbc, resc)
                ~~~~~~~~~~~~^^^^^^^^^^^
  File "/home/mathis/Documents/Travail/cbnsl_benchmark/venv/lib/python3.14/site-packages/nbconvert/preprocessors/base.py", line 48, in __call__
    return self.preprocess(nb, resources)
           ~~~~~~~~~~~~~~~^^^^^^^^^^^^^^^
  File "/home/mathis/Documents/Travail/cbnsl_benchmark/venv/lib/python3.14/site-packages/nbconvert/preprocessors/execute.py", line 103, in preprocess
    self.preprocess_cell(cell, resources, index)
    ~~~~~~~~~~~~~~~~~~~~^^^^^^^^^^^^^^^^^^^^^^^^
  File "/home/mathis/Documents/Travail/cbnsl_benchmark/venv/lib/python3.14/site-packages/nbconvert/preprocessors/execute.py", line 124, in preprocess_cell
    cell = self.execute_cell(cell, index, store_history=True)
  File "/usr/lib/python3.14/site-packages/jupyter_core/utils/__init__.py", line 165, in wrapped
    return loop.run_until_complete(inner)
           ~~~~~~~~~~~~~~~~~~~~~~~^^^^^^^
  File "/usr/lib/python3.14/asyncio/base_events.py", line 719, in run_until_complete
    return future.result()
           ~~~~~~~~~~~~~^^
  File "/home/mathis/Documents/Travail/cbnsl_benchmark/venv/lib/python3.14/site-packages/nbclient/client.py", line 1005, in async_execute_cell
    exec_reply = await self.task_poll_for_reply
                 ^^^^^^^^^^^^^^^^^^^^^^^^^^^^^^
  File "/home/mathis/Documents/Travail/cbnsl_benchmark/venv/lib/python3.14/site-packages/nbclient/client.py", line 806, in _async_poll_for_reply
    error_on_timeout_execute_reply = await self._async_handle_timeout(timeout, cell)
                                     ^^^^^^^^^^^^^^^^^^^^^^^^^^^^^^^^^^^^^^^^^^^^^^^
  File "/home/mathis/Documents/Travail/cbnsl_benchmark/venv/lib/python3.14/site-packages/nbclient/client.py", line 856, in _async_handle_timeout
    raise CellTimeoutError.error_from_timeout_and_cell(
        "Cell execution timed out", timeout, cell
    )
nbclient.exceptions.CellTimeoutError: A cell timed out while it was being executed, after 3600 seconds.
The message was: Cell execution timed out.
Here is a preview of the cell contents:
-------------------
bench.run()
-------------------

=== Running: notebooks/synthetic/sem_gaussian/20vars/synthetic_sem_gauss_20v_1000s.ipynb ===
[NbConvertApp] Converting notebook notebooks/synthetic/sem_gaussian/20vars/synthetic_sem_gauss_20v_1000s.ipynb to notebook
/home/mathis/Documents/Travail/cbnsl_benchmark/venv/lib/python3.14/site-packages/nbformat/__init__.py:96: MissingIDFieldWarning: Cell is missing an id field, this will become a hard error in future nbformat versions. You may want to use `normalize()` on your notebooks before validations (available since nbformat 5.1.4). Previous versions of nbformat are fixing this issue transparently, and will stop doing so in the future.
  validate(nb)
[NbConvertApp] ERROR | Timeout waiting for execute reply (3600s).
Traceback (most recent call last):
  File "/home/mathis/Documents/Travail/cbnsl_benchmark/venv/lib/python3.14/site-packages/nbclient/client.py", line 782, in _async_poll_for_reply
    msg = await ensure_async(self.kc.shell_channel.get_msg(timeout=new_timeout))
          ^^^^^^^^^^^^^^^^^^^^^^^^^^^^^^^^^^^^^^^^^^^^^^^^^^^^^^^^^^^^^^^^^^^^^^
  File "/usr/lib/python3.14/site-packages/jupyter_core/utils/__init__.py", line 214, in ensure_async
    result = await obj
             ^^^^^^^^^
  File "/usr/lib/python3.14/site-packages/jupyter_client/channels.py", line 316, in get_msg
    raise Empty
_queue.Empty

During handling of the above exception, another exception occurred:

Traceback (most recent call last):
  File "/home/mathis/Documents/Travail/cbnsl_benchmark/venv/bin/jupyter-nbconvert", line 7, in <module>
    sys.exit(main())
             ~~~~^^
  File "/usr/lib/python3.14/site-packages/jupyter_core/application.py", line 284, in launch_instance
    super().launch_instance(argv=argv, **kwargs)
    ~~~~~~~~~~~~~~~~~~~~~~~^^^^^^^^^^^^^^^^^^^^^
  File "/usr/lib/python3.14/site-packages/traitlets/config/application.py", line 1076, in launch_instance
    app.start()
    ~~~~~~~~~^^
  File "/home/mathis/Documents/Travail/cbnsl_benchmark/venv/lib/python3.14/site-packages/nbconvert/nbconvertapp.py", line 420, in start
    self.convert_notebooks()
    ~~~~~~~~~~~~~~~~~~~~~~^^
  File "/home/mathis/Documents/Travail/cbnsl_benchmark/venv/lib/python3.14/site-packages/nbconvert/nbconvertapp.py", line 597, in convert_notebooks
    self.convert_single_notebook(notebook_filename)
    ~~~~~~~~~~~~~~~~~~~~~~~~~~~~^^^^^^^^^^^^^^^^^^^
  File "/home/mathis/Documents/Travail/cbnsl_benchmark/venv/lib/python3.14/site-packages/nbconvert/nbconvertapp.py", line 563, in convert_single_notebook
    output, resources = self.export_single_notebook(
                        ~~~~~~~~~~~~~~~~~~~~~~~~~~~^
        notebook_filename, resources, input_buffer=input_buffer
        ^^^^^^^^^^^^^^^^^^^^^^^^^^^^^^^^^^^^^^^^^^^^^^^^^^^^^^^
    )
    ^
  File "/home/mathis/Documents/Travail/cbnsl_benchmark/venv/lib/python3.14/site-packages/nbconvert/nbconvertapp.py", line 487, in export_single_notebook
    output, resources = self.exporter.from_filename(
                        ~~~~~~~~~~~~~~~~~~~~~~~~~~~^
        notebook_filename, resources=resources
        ^^^^^^^^^^^^^^^^^^^^^^^^^^^^^^^^^^^^^^
    )
    ^
  File "/home/mathis/Documents/Travail/cbnsl_benchmark/venv/lib/python3.14/site-packages/nbconvert/exporters/exporter.py", line 201, in from_filename
    return self.from_file(f, resources=resources, **kw)
           ~~~~~~~~~~~~~~^^^^^^^^^^^^^^^^^^^^^^^^^^^^^^
  File "/home/mathis/Documents/Travail/cbnsl_benchmark/venv/lib/python3.14/site-packages/nbconvert/exporters/exporter.py", line 220, in from_file
    return self.from_notebook_node(
           ~~~~~~~~~~~~~~~~~~~~~~~^
        nbformat.read(file_stream, as_version=4), resources=resources, **kw
        ^^^^^^^^^^^^^^^^^^^^^^^^^^^^^^^^^^^^^^^^^^^^^^^^^^^^^^^^^^^^^^^^^^^
    )
    ^
  File "/home/mathis/Documents/Travail/cbnsl_benchmark/venv/lib/python3.14/site-packages/nbconvert/exporters/notebook.py", line 36, in from_notebook_node
    nb_copy, resources = super().from_notebook_node(nb, resources, **kw)
                         ~~~~~~~~~~~~~~~~~~~~~~~~~~^^^^^^^^^^^^^^^^^^^^^
  File "/home/mathis/Documents/Travail/cbnsl_benchmark/venv/lib/python3.14/site-packages/nbconvert/exporters/exporter.py", line 154, in from_notebook_node
    nb_copy, resources = self._preprocess(nb_copy, resources)
                         ~~~~~~~~~~~~~~~~^^^^^^^^^^^^^^^^^^^^
  File "/home/mathis/Documents/Travail/cbnsl_benchmark/venv/lib/python3.14/site-packages/nbconvert/exporters/exporter.py", line 353, in _preprocess
    nbc, resc = preprocessor(nbc, resc)
                ~~~~~~~~~~~~^^^^^^^^^^^
  File "/home/mathis/Documents/Travail/cbnsl_benchmark/venv/lib/python3.14/site-packages/nbconvert/preprocessors/base.py", line 48, in __call__
    return self.preprocess(nb, resources)
           ~~~~~~~~~~~~~~~^^^^^^^^^^^^^^^
  File "/home/mathis/Documents/Travail/cbnsl_benchmark/venv/lib/python3.14/site-packages/nbconvert/preprocessors/execute.py", line 103, in preprocess
    self.preprocess_cell(cell, resources, index)
    ~~~~~~~~~~~~~~~~~~~~^^^^^^^^^^^^^^^^^^^^^^^^
  File "/home/mathis/Documents/Travail/cbnsl_benchmark/venv/lib/python3.14/site-packages/nbconvert/preprocessors/execute.py", line 124, in preprocess_cell
    cell = self.execute_cell(cell, index, store_history=True)
  File "/usr/lib/python3.14/site-packages/jupyter_core/utils/__init__.py", line 165, in wrapped
    return loop.run_until_complete(inner)
           ~~~~~~~~~~~~~~~~~~~~~~~^^^^^^^
  File "/usr/lib/python3.14/asyncio/base_events.py", line 719, in run_until_complete
    return future.result()
           ~~~~~~~~~~~~~^^
  File "/home/mathis/Documents/Travail/cbnsl_benchmark/venv/lib/python3.14/site-packages/nbclient/client.py", line 1005, in async_execute_cell
    exec_reply = await self.task_poll_for_reply
                 ^^^^^^^^^^^^^^^^^^^^^^^^^^^^^^
  File "/home/mathis/Documents/Travail/cbnsl_benchmark/venv/lib/python3.14/site-packages/nbclient/client.py", line 806, in _async_poll_for_reply
    error_on_timeout_execute_reply = await self._async_handle_timeout(timeout, cell)
                                     ^^^^^^^^^^^^^^^^^^^^^^^^^^^^^^^^^^^^^^^^^^^^^^^
  File "/home/mathis/Documents/Travail/cbnsl_benchmark/venv/lib/python3.14/site-packages/nbclient/client.py", line 856, in _async_handle_timeout
    raise CellTimeoutError.error_from_timeout_and_cell(
        "Cell execution timed out", timeout, cell
    )
nbclient.exceptions.CellTimeoutError: A cell timed out while it was being executed, after 3600 seconds.
The message was: Cell execution timed out.
Here is a preview of the cell contents:
-------------------
bench.run()
-------------------

=== Running: notebooks/synthetic/sem_gaussian/20vars/synthetic_sem_gauss_20v_5000s.ipynb ===
[NbConvertApp] Converting notebook notebooks/synthetic/sem_gaussian/20vars/synthetic_sem_gauss_20v_5000s.ipynb to notebook
/home/mathis/Documents/Travail/cbnsl_benchmark/venv/lib/python3.14/site-packages/nbformat/__init__.py:96: MissingIDFieldWarning: Cell is missing an id field, this will become a hard error in future nbformat versions. You may want to use `normalize()` on your notebooks before validations (available since nbformat 5.1.4). Previous versions of nbformat are fixing this issue transparently, and will stop doing so in the future.
  validate(nb)
[NbConvertApp] ERROR | Timeout waiting for execute reply (3600s).
Traceback (most recent call last):
  File "/home/mathis/Documents/Travail/cbnsl_benchmark/venv/lib/python3.14/site-packages/nbclient/client.py", line 782, in _async_poll_for_reply
    msg = await ensure_async(self.kc.shell_channel.get_msg(timeout=new_timeout))
          ^^^^^^^^^^^^^^^^^^^^^^^^^^^^^^^^^^^^^^^^^^^^^^^^^^^^^^^^^^^^^^^^^^^^^^
  File "/usr/lib/python3.14/site-packages/jupyter_core/utils/__init__.py", line 214, in ensure_async
    result = await obj
             ^^^^^^^^^
  File "/usr/lib/python3.14/site-packages/jupyter_client/channels.py", line 316, in get_msg
    raise Empty
_queue.Empty

During handling of the above exception, another exception occurred:

Traceback (most recent call last):
  File "/home/mathis/Documents/Travail/cbnsl_benchmark/venv/bin/jupyter-nbconvert", line 7, in <module>
    sys.exit(main())
             ~~~~^^
  File "/usr/lib/python3.14/site-packages/jupyter_core/application.py", line 284, in launch_instance
    super().launch_instance(argv=argv, **kwargs)
    ~~~~~~~~~~~~~~~~~~~~~~~^^^^^^^^^^^^^^^^^^^^^
  File "/usr/lib/python3.14/site-packages/traitlets/config/application.py", line 1076, in launch_instance
    app.start()
    ~~~~~~~~~^^
  File "/home/mathis/Documents/Travail/cbnsl_benchmark/venv/lib/python3.14/site-packages/nbconvert/nbconvertapp.py", line 420, in start
    self.convert_notebooks()
    ~~~~~~~~~~~~~~~~~~~~~~^^
  File "/home/mathis/Documents/Travail/cbnsl_benchmark/venv/lib/python3.14/site-packages/nbconvert/nbconvertapp.py", line 597, in convert_notebooks
    self.convert_single_notebook(notebook_filename)
    ~~~~~~~~~~~~~~~~~~~~~~~~~~~~^^^^^^^^^^^^^^^^^^^
  File "/home/mathis/Documents/Travail/cbnsl_benchmark/venv/lib/python3.14/site-packages/nbconvert/nbconvertapp.py", line 563, in convert_single_notebook
    output, resources = self.export_single_notebook(
                        ~~~~~~~~~~~~~~~~~~~~~~~~~~~^
        notebook_filename, resources, input_buffer=input_buffer
        ^^^^^^^^^^^^^^^^^^^^^^^^^^^^^^^^^^^^^^^^^^^^^^^^^^^^^^^
    )
    ^
  File "/home/mathis/Documents/Travail/cbnsl_benchmark/venv/lib/python3.14/site-packages/nbconvert/nbconvertapp.py", line 487, in export_single_notebook
    output, resources = self.exporter.from_filename(
                        ~~~~~~~~~~~~~~~~~~~~~~~~~~~^
        notebook_filename, resources=resources
        ^^^^^^^^^^^^^^^^^^^^^^^^^^^^^^^^^^^^^^
    )
    ^
  File "/home/mathis/Documents/Travail/cbnsl_benchmark/venv/lib/python3.14/site-packages/nbconvert/exporters/exporter.py", line 201, in from_filename
    return self.from_file(f, resources=resources, **kw)
           ~~~~~~~~~~~~~~^^^^^^^^^^^^^^^^^^^^^^^^^^^^^^
  File "/home/mathis/Documents/Travail/cbnsl_benchmark/venv/lib/python3.14/site-packages/nbconvert/exporters/exporter.py", line 220, in from_file
    return self.from_notebook_node(
           ~~~~~~~~~~~~~~~~~~~~~~~^
        nbformat.read(file_stream, as_version=4), resources=resources, **kw
        ^^^^^^^^^^^^^^^^^^^^^^^^^^^^^^^^^^^^^^^^^^^^^^^^^^^^^^^^^^^^^^^^^^^
    )
    ^
  File "/home/mathis/Documents/Travail/cbnsl_benchmark/venv/lib/python3.14/site-packages/nbconvert/exporters/notebook.py", line 36, in from_notebook_node
    nb_copy, resources = super().from_notebook_node(nb, resources, **kw)
                         ~~~~~~~~~~~~~~~~~~~~~~~~~~^^^^^^^^^^^^^^^^^^^^^
  File "/home/mathis/Documents/Travail/cbnsl_benchmark/venv/lib/python3.14/site-packages/nbconvert/exporters/exporter.py", line 154, in from_notebook_node
    nb_copy, resources = self._preprocess(nb_copy, resources)
                         ~~~~~~~~~~~~~~~~^^^^^^^^^^^^^^^^^^^^
  File "/home/mathis/Documents/Travail/cbnsl_benchmark/venv/lib/python3.14/site-packages/nbconvert/exporters/exporter.py", line 353, in _preprocess
    nbc, resc = preprocessor(nbc, resc)
                ~~~~~~~~~~~~^^^^^^^^^^^
  File "/home/mathis/Documents/Travail/cbnsl_benchmark/venv/lib/python3.14/site-packages/nbconvert/preprocessors/base.py", line 48, in __call__
    return self.preprocess(nb, resources)
           ~~~~~~~~~~~~~~~^^^^^^^^^^^^^^^
  File "/home/mathis/Documents/Travail/cbnsl_benchmark/venv/lib/python3.14/site-packages/nbconvert/preprocessors/execute.py", line 103, in preprocess
    self.preprocess_cell(cell, resources, index)
    ~~~~~~~~~~~~~~~~~~~~^^^^^^^^^^^^^^^^^^^^^^^^
  File "/home/mathis/Documents/Travail/cbnsl_benchmark/venv/lib/python3.14/site-packages/nbconvert/preprocessors/execute.py", line 124, in preprocess_cell
    cell = self.execute_cell(cell, index, store_history=True)
  File "/usr/lib/python3.14/site-packages/jupyter_core/utils/__init__.py", line 165, in wrapped
    return loop.run_until_complete(inner)
           ~~~~~~~~~~~~~~~~~~~~~~~^^^^^^^
  File "/usr/lib/python3.14/asyncio/base_events.py", line 719, in run_until_complete
    return future.result()
           ~~~~~~~~~~~~~^^
  File "/home/mathis/Documents/Travail/cbnsl_benchmark/venv/lib/python3.14/site-packages/nbclient/client.py", line 1005, in async_execute_cell
    exec_reply = await self.task_poll_for_reply
                 ^^^^^^^^^^^^^^^^^^^^^^^^^^^^^^
  File "/home/mathis/Documents/Travail/cbnsl_benchmark/venv/lib/python3.14/site-packages/nbclient/client.py", line 806, in _async_poll_for_reply
    error_on_timeout_execute_reply = await self._async_handle_timeout(timeout, cell)
                                     ^^^^^^^^^^^^^^^^^^^^^^^^^^^^^^^^^^^^^^^^^^^^^^^
  File "/home/mathis/Documents/Travail/cbnsl_benchmark/venv/lib/python3.14/site-packages/nbclient/client.py", line 856, in _async_handle_timeout
    raise CellTimeoutError.error_from_timeout_and_cell(
        "Cell execution timed out", timeout, cell
    )
nbclient.exceptions.CellTimeoutError: A cell timed out while it was being executed, after 3600 seconds.
The message was: Cell execution timed out.
Here is a preview of the cell contents:
-------------------
bench.run()
-------------------

=== Running: notebooks/synthetic/sem_nongaussian/20vars/synthetic_sem_nongauss_20v_1000s.ipynb ===
[NbConvertApp] Converting notebook notebooks/synthetic/sem_nongaussian/20vars/synthetic_sem_nongauss_20v_1000s.ipynb to notebook
/home/mathis/Documents/Travail/cbnsl_benchmark/venv/lib/python3.14/site-packages/nbformat/__init__.py:96: MissingIDFieldWarning: Cell is missing an id field, this will become a hard error in future nbformat versions. You may want to use `normalize()` on your notebooks before validations (available since nbformat 5.1.4). Previous versions of nbformat are fixing this issue transparently, and will stop doing so in the future.
  validate(nb)
[NbConvertApp] ERROR | Timeout waiting for execute reply (3600s).
Traceback (most recent call last):
  File "/home/mathis/Documents/Travail/cbnsl_benchmark/venv/lib/python3.14/site-packages/nbclient/client.py", line 782, in _async_poll_for_reply
    msg = await ensure_async(self.kc.shell_channel.get_msg(timeout=new_timeout))
          ^^^^^^^^^^^^^^^^^^^^^^^^^^^^^^^^^^^^^^^^^^^^^^^^^^^^^^^^^^^^^^^^^^^^^^
  File "/usr/lib/python3.14/site-packages/jupyter_core/utils/__init__.py", line 214, in ensure_async
    result = await obj
             ^^^^^^^^^
  File "/usr/lib/python3.14/site-packages/jupyter_client/channels.py", line 316, in get_msg
    raise Empty
_queue.Empty

During handling of the above exception, another exception occurred:

Traceback (most recent call last):
  File "/home/mathis/Documents/Travail/cbnsl_benchmark/venv/bin/jupyter-nbconvert", line 7, in <module>
    sys.exit(main())
             ~~~~^^
  File "/usr/lib/python3.14/site-packages/jupyter_core/application.py", line 284, in launch_instance
    super().launch_instance(argv=argv, **kwargs)
    ~~~~~~~~~~~~~~~~~~~~~~~^^^^^^^^^^^^^^^^^^^^^
  File "/usr/lib/python3.14/site-packages/traitlets/config/application.py", line 1076, in launch_instance
    app.start()
    ~~~~~~~~~^^
  File "/home/mathis/Documents/Travail/cbnsl_benchmark/venv/lib/python3.14/site-packages/nbconvert/nbconvertapp.py", line 420, in start
    self.convert_notebooks()
    ~~~~~~~~~~~~~~~~~~~~~~^^
  File "/home/mathis/Documents/Travail/cbnsl_benchmark/venv/lib/python3.14/site-packages/nbconvert/nbconvertapp.py", line 597, in convert_notebooks
    self.convert_single_notebook(notebook_filename)
    ~~~~~~~~~~~~~~~~~~~~~~~~~~~~^^^^^^^^^^^^^^^^^^^
  File "/home/mathis/Documents/Travail/cbnsl_benchmark/venv/lib/python3.14/site-packages/nbconvert/nbconvertapp.py", line 563, in convert_single_notebook
    output, resources = self.export_single_notebook(
                        ~~~~~~~~~~~~~~~~~~~~~~~~~~~^
        notebook_filename, resources, input_buffer=input_buffer
        ^^^^^^^^^^^^^^^^^^^^^^^^^^^^^^^^^^^^^^^^^^^^^^^^^^^^^^^
    )
    ^
  File "/home/mathis/Documents/Travail/cbnsl_benchmark/venv/lib/python3.14/site-packages/nbconvert/nbconvertapp.py", line 487, in export_single_notebook
    output, resources = self.exporter.from_filename(
                        ~~~~~~~~~~~~~~~~~~~~~~~~~~~^
        notebook_filename, resources=resources
        ^^^^^^^^^^^^^^^^^^^^^^^^^^^^^^^^^^^^^^
    )
    ^
  File "/home/mathis/Documents/Travail/cbnsl_benchmark/venv/lib/python3.14/site-packages/nbconvert/exporters/exporter.py", line 201, in from_filename
    return self.from_file(f, resources=resources, **kw)
           ~~~~~~~~~~~~~~^^^^^^^^^^^^^^^^^^^^^^^^^^^^^^
  File "/home/mathis/Documents/Travail/cbnsl_benchmark/venv/lib/python3.14/site-packages/nbconvert/exporters/exporter.py", line 220, in from_file
    return self.from_notebook_node(
           ~~~~~~~~~~~~~~~~~~~~~~~^
        nbformat.read(file_stream, as_version=4), resources=resources, **kw
        ^^^^^^^^^^^^^^^^^^^^^^^^^^^^^^^^^^^^^^^^^^^^^^^^^^^^^^^^^^^^^^^^^^^
    )
    ^
  File "/home/mathis/Documents/Travail/cbnsl_benchmark/venv/lib/python3.14/site-packages/nbconvert/exporters/notebook.py", line 36, in from_notebook_node
    nb_copy, resources = super().from_notebook_node(nb, resources, **kw)
                         ~~~~~~~~~~~~~~~~~~~~~~~~~~^^^^^^^^^^^^^^^^^^^^^
  File "/home/mathis/Documents/Travail/cbnsl_benchmark/venv/lib/python3.14/site-packages/nbconvert/exporters/exporter.py", line 154, in from_notebook_node
    nb_copy, resources = self._preprocess(nb_copy, resources)
                         ~~~~~~~~~~~~~~~~^^^^^^^^^^^^^^^^^^^^
  File "/home/mathis/Documents/Travail/cbnsl_benchmark/venv/lib/python3.14/site-packages/nbconvert/exporters/exporter.py", line 353, in _preprocess
    nbc, resc = preprocessor(nbc, resc)
                ~~~~~~~~~~~~^^^^^^^^^^^
  File "/home/mathis/Documents/Travail/cbnsl_benchmark/venv/lib/python3.14/site-packages/nbconvert/preprocessors/base.py", line 48, in __call__
    return self.preprocess(nb, resources)
           ~~~~~~~~~~~~~~~^^^^^^^^^^^^^^^
  File "/home/mathis/Documents/Travail/cbnsl_benchmark/venv/lib/python3.14/site-packages/nbconvert/preprocessors/execute.py", line 103, in preprocess
    self.preprocess_cell(cell, resources, index)
    ~~~~~~~~~~~~~~~~~~~~^^^^^^^^^^^^^^^^^^^^^^^^
  File "/home/mathis/Documents/Travail/cbnsl_benchmark/venv/lib/python3.14/site-packages/nbconvert/preprocessors/execute.py", line 124, in preprocess_cell
    cell = self.execute_cell(cell, index, store_history=True)
  File "/usr/lib/python3.14/site-packages/jupyter_core/utils/__init__.py", line 165, in wrapped
    return loop.run_until_complete(inner)
           ~~~~~~~~~~~~~~~~~~~~~~~^^^^^^^
  File "/usr/lib/python3.14/asyncio/base_events.py", line 719, in run_until_complete
    return future.result()
           ~~~~~~~~~~~~~^^
  File "/home/mathis/Documents/Travail/cbnsl_benchmark/venv/lib/python3.14/site-packages/nbclient/client.py", line 1005, in async_execute_cell
    exec_reply = await self.task_poll_for_reply
                 ^^^^^^^^^^^^^^^^^^^^^^^^^^^^^^
  File "/home/mathis/Documents/Travail/cbnsl_benchmark/venv/lib/python3.14/site-packages/nbclient/client.py", line 806, in _async_poll_for_reply
    error_on_timeout_execute_reply = await self._async_handle_timeout(timeout, cell)
                                     ^^^^^^^^^^^^^^^^^^^^^^^^^^^^^^^^^^^^^^^^^^^^^^^
  File "/home/mathis/Documents/Travail/cbnsl_benchmark/venv/lib/python3.14/site-packages/nbclient/client.py", line 856, in _async_handle_timeout
    raise CellTimeoutError.error_from_timeout_and_cell(
        "Cell execution timed out", timeout, cell
    )
nbclient.exceptions.CellTimeoutError: A cell timed out while it was being executed, after 3600 seconds.
The message was: Cell execution timed out.
Here is a preview of the cell contents:
-------------------
bench.run()
-------------------

=== Running: notebooks/synthetic/sem_nongaussian/20vars/synthetic_sem_nongauss_20v_5000s.ipynb ===
[NbConvertApp] Converting notebook notebooks/synthetic/sem_nongaussian/20vars/synthetic_sem_nongauss_20v_5000s.ipynb to notebook
/home/mathis/Documents/Travail/cbnsl_benchmark/venv/lib/python3.14/site-packages/nbformat/__init__.py:96: MissingIDFieldWarning: Cell is missing an id field, this will become a hard error in future nbformat versions. You may want to use `normalize()` on your notebooks before validations (available since nbformat 5.1.4). Previous versions of nbformat are fixing this issue transparently, and will stop doing so in the future.
  validate(nb)
^CTraceback (most recent call last):
  File "/home/mathis/Documents/Travail/cbnsl_benchmark/venv/bin/jupyter-nbconvert", line 7, in <module>
    sys.exit(main())
             ~~~~^^
  File "/usr/lib/python3.14/site-packages/jupyter_core/application.py", line 284, in launch_instance
    super().launch_instance(argv=argv, **kwargs)
    ~~~~~~~~~~~~~~~~~~~~~~~^^^^^^^^^^^^^^^^^^^^^
  File "/usr/lib/python3.14/site-packages/traitlets/config/application.py", line 1076, in launch_instance
    app.start()
    ~~~~~~~~~^^
  File "/home/mathis/Documents/Travail/cbnsl_benchmark/venv/lib/python3.14/site-packages/nbconvert/nbconvertapp.py", line 420, in start
    self.convert_notebooks()
    ~~~~~~~~~~~~~~~~~~~~~~^^
  File "/home/mathis/Documents/Travail/cbnsl_benchmark/venv/lib/python3.14/site-packages/nbconvert/nbconvertapp.py", line 597, in convert_notebooks
    self.convert_single_notebook(notebook_filename)
    ~~~~~~~~~~~~~~~~~~~~~~~~~~~~^^^^^^^^^^^^^^^^^^^
  File "/home/mathis/Documents/Travail/cbnsl_benchmark/venv/lib/python3.14/site-packages/nbconvert/nbconvertapp.py", line 563, in convert_single_notebook
    output, resources = self.export_single_notebook(
                        ~~~~~~~~~~~~~~~~~~~~~~~~~~~^
        notebook_filename, resources, input_buffer=input_buffer
        ^^^^^^^^^^^^^^^^^^^^^^^^^^^^^^^^^^^^^^^^^^^^^^^^^^^^^^^
    )
    ^
  File "/home/mathis/Documents/Travail/cbnsl_benchmark/venv/lib/python3.14/site-packages/nbconvert/nbconvertapp.py", line 487, in export_single_notebook
    output, resources = self.exporter.from_filename(
                        ~~~~~~~~~~~~~~~~~~~~~~~~~~~^
        notebook_filename, resources=resources
        ^^^^^^^^^^^^^^^^^^^^^^^^^^^^^^^^^^^^^^
    )
    ^
  File "/home/mathis/Documents/Travail/cbnsl_benchmark/venv/lib/python3.14/site-packages/nbconvert/exporters/exporter.py", line 201, in from_filename
    return self.from_file(f, resources=resources, **kw)
           ~~~~~~~~~~~~~~^^^^^^^^^^^^^^^^^^^^^^^^^^^^^^
  File "/home/mathis/Documents/Travail/cbnsl_benchmark/venv/lib/python3.14/site-packages/nbconvert/exporters/exporter.py", line 220, in from_file
    return self.from_notebook_node(
           ~~~~~~~~~~~~~~~~~~~~~~~^
        nbformat.read(file_stream, as_version=4), resources=resources, **kw
        ^^^^^^^^^^^^^^^^^^^^^^^^^^^^^^^^^^^^^^^^^^^^^^^^^^^^^^^^^^^^^^^^^^^
    )
    ^
  File "/home/mathis/Documents/Travail/cbnsl_benchmark/venv/lib/python3.14/site-packages/nbconvert/exporters/notebook.py", line 36, in from_notebook_node
    nb_copy, resources = super().from_notebook_node(nb, resources, **kw)
                         ~~~~~~~~~~~~~~~~~~~~~~~~~~^^^^^^^^^^^^^^^^^^^^^
  File "/home/mathis/Documents/Travail/cbnsl_benchmark/venv/lib/python3.14/site-packages/nbconvert/exporters/exporter.py", line 154, in from_notebook_node
    nb_copy, resources = self._preprocess(nb_copy, resources)
                         ~~~~~~~~~~~~~~~~^^^^^^^^^^^^^^^^^^^^
  File "/home/mathis/Documents/Travail/cbnsl_benchmark/venv/lib/python3.14/site-packages/nbconvert/exporters/exporter.py", line 353, in _preprocess
    nbc, resc = preprocessor(nbc, resc)
                ~~~~~~~~~~~~^^^^^^^^^^^
  File "/home/mathis/Documents/Travail/cbnsl_benchmark/venv/lib/python3.14/site-packages/nbconvert/preprocessors/base.py", line 48, in __call__
    return self.preprocess(nb, resources)
           ~~~~~~~~~~~~~~~^^^^^^^^^^^^^^^
  File "/home/mathis/Documents/Travail/cbnsl_benchmark/venv/lib/python3.14/site-packages/nbconvert/preprocessors/execute.py", line 103, in preprocess
    self.preprocess_cell(cell, resources, index)
    ~~~~~~~~~~~~~~~~~~~~^^^^^^^^^^^^^^^^^^^^^^^^
  File "/home/mathis/Documents/Travail/cbnsl_benchmark/venv/lib/python3.14/site-packages/nbconvert/preprocessors/execute.py", line 124, in preprocess_cell
    cell = self.execute_cell(cell, index, store_history=True)
  File "/usr/lib/python3.14/site-packages/jupyter_core/utils/__init__.py", line 165, in wrapped
    return loop.run_until_complete(inner)
           ~~~~~~~~~~~~~~~~~~~~~~~^^^^^^^
  File "/usr/lib/python3.14/asyncio/base_events.py", line 706, in run_until_complete
    self.run_forever()
    ~~~~~~~~~~~~~~~~^^
  File "/usr/lib/python3.14/asyncio/base_events.py", line 677, in run_forever
    self._run_once()
    ~~~~~~~~~~~~~~^^
  File "/usr/lib/python3.14/asyncio/base_events.py", line 2008, in _run_once
    event_list = self._selector.select(timeout)
  File "/usr/lib/python3.14/selectors.py", line 452, in select
    fd_event_list = self._selector.poll(timeout, max_ev)
KeyboardInterrupt
